
Discarded input sections

 .reginfo       0x0000000000000000       0x18 ism_user.o
 .MIPS.abiflags
                0x0000000000000000       0x18 ism_user.o
 .reginfo       0x0000000000000000       0x18 ism_kernel.o
 .MIPS.abiflags
                0x0000000000000000       0x18 ism_kernel.o
 .reginfo       0x0000000000000000       0x18 BubbleSort.o
 .MIPS.abiflags
                0x0000000000000000       0x18 BubbleSort.o
 .reginfo       0x0000000000000000       0x18 handlers.o
 .MIPS.abiflags
                0x0000000000000000       0x18 handlers.o

Memory Configuration

Name             Origin             Length             Attributes
INSTRUCTION_MEMORY 0x0000000000000000 0x0000000000002000
DATA_MEMORY      0x0000000000000000 0x0000000000008000
*default*        0x0000000000000000 0xffffffffffffffff

Linker script and memory map


.text           0x0000000000000000      0x5cc
 boot.o(.text)
 .text          0x0000000000000000       0x8c boot.o
                0x0000000000000000                boot_start
                0x00000000000000ff                . = 0xff
 *fill*         0x000000000000008c       0x73 
 ism_user.o(.text)
 *fill*         0x00000000000000ff        0x1 
 .text          0x0000000000000100      0x1e0 ism_user.o
                0x0000000000000100                InterruptionServiceRoutine_user
 ism_kernel.o(.text)
 .text          0x00000000000002e0      0x194 ism_kernel.o
                0x00000000000002e0                InterruptionServiceRoutine_kernel
 *(.text.*)
 .text          0x0000000000000474       0x98 BubbleSort.o
                0x0000000000000474                BubbleSort
 .text          0x000000000000050c       0xc0 handlers.o
                0x000000000000050c                irq0_handler
                0x0000000000000514                irq4_handler
                0x000000000000053c                irq5_handler
                0x0000000000000564                irq6_handler
                0x000000000000058c                irq7_handler
                0x00000000000005b4                irq3_handler
                0x00000000000005bc                irq1_handler
                0x00000000000005c4                irq2_handler

.MIPS.abiflags  0x00000000000005d0       0x18
 .MIPS.abiflags
                0x00000000000005d0       0x18 boot.o

.rel.dyn        0x00000000000005e8        0x0
 .rel.dyn       0x00000000000005e8        0x0 handlers.o

.data           0x0000000000000000      0x8d8 load address 0x00000000000005e8
 *(.sdata)
 *(.sdata.*)
 *(.data)
 .data          0x0000000000000000      0x808 boot.o
                0x0000000000000800                kernel_sp
                0x0000000000000804                user_sp
 .data          0x0000000000000808       0x80 ism_user.o
 .data          0x0000000000000888        0x0 ism_kernel.o
 .data          0x0000000000000888       0x20 BubbleSort.o
 .data          0x00000000000008a8       0x30 handlers.o
                0x00000000000008b8                irq_handlers
 *(.data.*)
 *(.rdata)
 *(.rodata)
 *(.rodata.*)

.bss            0x00000000000008d8        0x0 load address 0x0000000000000ec0
 *(.sbss)
 *(.sbss.*)
 *(.bss)
 .bss           0x00000000000008d8        0x0 boot.o
 .bss           0x00000000000008d8        0x0 ism_user.o
 .bss           0x00000000000008d8        0x0 ism_kernel.o
 .bss           0x00000000000008d8        0x0 BubbleSort.o
 .bss           0x00000000000008d8        0x0 handlers.o
 *(.bss.*)
 *(.scommon)
 *(COMMON)
                0x0000000000007ffc                . = ((ORIGIN (DATA_MEMORY) + LENGTH (DATA_MEMORY)) - 0x4)
                0x0000000000007ffc                . = ALIGN (0x4)
                0x0000000000007ffc                _stack_ptr = .
LOAD boot.o
LOAD ism_user.o
LOAD ism_kernel.o
LOAD BubbleSort.o
LOAD handlers.o
OUTPUT(main.elf elf32-tradlittlemips)

.reginfo        0x0000000000000000       0x18
 .reginfo       0x0000000000000000       0x18 boot.o

.pdr            0x0000000000000000      0x100
 .pdr           0x0000000000000000        0x0 boot.o
 .pdr           0x0000000000000000        0x0 ism_user.o
 .pdr           0x0000000000000000        0x0 ism_kernel.o
 .pdr           0x0000000000000000        0x0 BubbleSort.o
 .pdr           0x0000000000000000      0x100 handlers.o

.gnu.attributes
                0x0000000000000000       0x10
 .gnu.attributes
                0x0000000000000000       0x10 boot.o
 .gnu.attributes
                0x0000000000000010       0x10 ism_user.o
 .gnu.attributes
                0x0000000000000020       0x10 ism_kernel.o
 .gnu.attributes
                0x0000000000000030       0x10 BubbleSort.o
 .gnu.attributes
                0x0000000000000040       0x10 handlers.o

.mdebug.abi32   0x0000000000000000        0x0
 .mdebug.abi32  0x0000000000000000        0x0 handlers.o

.comment        0x0000000000000000       0x45
 .comment       0x0000000000000000       0x45 handlers.o
                                         0x46 (size before relaxing)
