
Discarded input sections

 .reginfo       0x0000000000000000       0x18 ism_user.o
 .MIPS.abiflags
                0x0000000000000000       0x18 ism_user.o
 .reginfo       0x0000000000000000       0x18 ism_kernel.o
 .MIPS.abiflags
                0x0000000000000000       0x18 ism_kernel.o
 .reginfo       0x0000000000000000       0x18 BubbleSort.o
 .MIPS.abiflags
                0x0000000000000000       0x18 BubbleSort.o
 .reginfo       0x0000000000000000       0x18 handlers.o
 .MIPS.abiflags
                0x0000000000000000       0x18 handlers.o

Memory Configuration

Name             Origin             Length             Attributes
INSTRUCTION_MEMORY 0x0000000000000000 0x0000000000002000
DATA_MEMORY      0x0000000000000000 0x0000000000008000
*default*        0x0000000000000000 0xffffffffffffffff

Linker script and memory map


.text           0x0000000000000000      0x5c0
 boot.o(.text)
 .text          0x0000000000000000       0x8c boot.o
                0x0000000000000000                boot_start
                0x00000000000000ff                . = 0xff
 *fill*         0x000000000000008c       0x73 
 ism_user.o(.text)
 *fill*         0x00000000000000ff        0x1 
 .text          0x0000000000000100      0x1d0 ism_user.o
                0x0000000000000100                InterruptionServiceRoutine_user
 ism_kernel.o(.text)
 .text          0x00000000000002d0      0x190 ism_kernel.o
                0x00000000000002d0                InterruptionServiceRoutine_kernel
 *(.text.*)
 .text          0x0000000000000460       0xa0 BubbleSort.o
                0x0000000000000460                BubbleSort
 .text          0x0000000000000500       0xc0 handlers.o
                0x0000000000000500                irq0_handler
                0x0000000000000508                irq4_handler
                0x0000000000000530                irq5_handler
                0x0000000000000558                irq6_handler
                0x0000000000000580                irq7_handler
                0x00000000000005a8                irq3_handler
                0x00000000000005b0                irq1_handler
                0x00000000000005b8                irq2_handler

.MIPS.abiflags  0x00000000000005c0       0x18
 .MIPS.abiflags
                0x00000000000005c0       0x18 boot.o

.rel.dyn        0x00000000000005d8        0x0
 .rel.dyn       0x00000000000005d8        0x0 handlers.o

.data           0x0000000000000000      0x4d4 load address 0x00000000000005d8
 *(.sdata)
 *(.sdata.*)
 *(.data)
 .data          0x0000000000000000      0x288 boot.o
                0x0000000000000280                kernel_sp
                0x0000000000000284                user_sp
 .data          0x0000000000000288       0x80 ism_user.o
 .data          0x0000000000000308        0x0 ism_kernel.o
 .data          0x0000000000000308      0x19c BubbleSort.o
 .data          0x00000000000004a4       0x30 handlers.o
                0x00000000000004b4                irq_handlers
 *(.data.*)
 *(.rdata)
 *(.rodata)
 *(.rodata.*)

.bss            0x00000000000004d4        0x0 load address 0x0000000000000aac
 *(.sbss)
 *(.sbss.*)
 *(.bss)
 .bss           0x00000000000004d4        0x0 boot.o
 .bss           0x00000000000004d4        0x0 ism_user.o
 .bss           0x00000000000004d4        0x0 ism_kernel.o
 .bss           0x00000000000004d4        0x0 BubbleSort.o
 .bss           0x00000000000004d4        0x0 handlers.o
 *(.bss.*)
 *(.scommon)
 *(COMMON)
                0x0000000000007ffc                . = ((ORIGIN (DATA_MEMORY) + LENGTH (DATA_MEMORY)) - 0x4)
                0x0000000000007ffc                . = ALIGN (0x4)
                0x0000000000007ffc                _stack_ptr = .
LOAD boot.o
LOAD ism_user.o
LOAD ism_kernel.o
LOAD BubbleSort.o
LOAD handlers.o
OUTPUT(main.elf elf32-tradlittlemips)

.reginfo        0x0000000000000000       0x18
 .reginfo       0x0000000000000000       0x18 boot.o

.pdr            0x0000000000000000      0x100
 .pdr           0x0000000000000000        0x0 boot.o
 .pdr           0x0000000000000000        0x0 ism_user.o
 .pdr           0x0000000000000000        0x0 ism_kernel.o
 .pdr           0x0000000000000000        0x0 BubbleSort.o
 .pdr           0x0000000000000000      0x100 handlers.o

.gnu.attributes
                0x0000000000000000       0x10
 .gnu.attributes
                0x0000000000000000       0x10 boot.o
 .gnu.attributes
                0x0000000000000010       0x10 ism_user.o
 .gnu.attributes
                0x0000000000000020       0x10 ism_kernel.o
 .gnu.attributes
                0x0000000000000030       0x10 BubbleSort.o
 .gnu.attributes
                0x0000000000000040       0x10 handlers.o

.mdebug.abi32   0x0000000000000000        0x0
 .mdebug.abi32  0x0000000000000000        0x0 handlers.o

.comment        0x0000000000000000       0x45
 .comment       0x0000000000000000       0x45 handlers.o
                                         0x46 (size before relaxing)
